В файле mysql_complete.pcap пользователь подключился к MySQL серверу и выполнил несколько команд. Укажите SHA256 дайджест имени базы данных, с которой работал пользователь.

SHA256 дайджест имени базы данных, с которой работал пользователь: fa7fe67124e94375d97e50896e0c32f44b03bb7ed5e9fb026341b55da724126b
