На хакерском форуме вы скачали базу слабых SSL сертификатов, которые используют web сайты для https соединений.
Найдите этот сайт и напишите SHA256 дайджест его CN указанного в сертификате.

SHA256 дайджест его CN указанного в сертификате: 021bbd75cf6530bd40f4ab8b131600e0188f4a8c51c9ebe112daef408a498e56
