```Команда``` студентов и преподавателей ```Ульяновского государственного университета``` использует специальный сервер для доступа к тайным знаниям. Найдите этот сервер и укажите отпечаток ssh-sha256. 

Сервер: team317.ulsu.ru
Отпечаток ssh-sha256: 0169bac59326838020dba20ce18f5080cb1aa5b18f6ee3c832fc93ed529df43c
